// Jest Snapshot v1, https://goo.gl/fbAQLP

exports[`<Main /> should render heading 1`] = `
<div>
  <h1>
    React Next
  </h1>
</div>
`;
